
> @kajovo/kajovo-hotel-admin@0.1.0 test:smoke /Users/karelmartinek/Documents/GitHub/kajovo-hotel-monorepo/apps/kajovo-hotel-admin
> playwright test -c playwright.smoke.config.ts


Running 3 tests using 1 worker

  ✓  1 tests/e2e-smoke.spec.ts:14:7 › CI smoke auth flows › admin login + hint email + user create + portal login (397ms)
  ✓  2 tests/e2e-smoke.spec.ts:67:7 › CI smoke auth flows › admin profil uz nenabizi zmenu hesla (1.1s)
  ✘  3 tests/e2e-smoke.spec.ts:85:7 › CI smoke auth flows › admin login hint zobrazi blokujici dialog az do potvrzeni odeslani (1.5m)


  1) tests/e2e-smoke.spec.ts:85:7 › CI smoke auth flows › admin login hint zobrazi blokujici dialog az do potvrzeni odeslani 

    [31mTest timeout of 90000ms exceeded.[39m

    Error: locator.fill: Test timeout of 90000ms exceeded.
    Call log:
    [2m  - waiting for getByLabel(/admin email/i)[22m


      85 |   test('admin login hint zobrazi blokujici dialog az do potvrzeni odeslani', async ({ page }) => {
      86 |     await page.goto('/admin/login', { waitUntil: 'networkidle' });
    > 87 |     await page.getByLabel(/admin email/i).fill(ADMIN_EMAIL);
         |                                           ^
      88 |     await page.getByRole('button', { name: /zapomenuté heslo/i }).click();
      89 |
      90 |     const dialog = page.getByRole('alertdialog');
        at /Users/karelmartinek/Documents/GitHub/kajovo-hotel-monorepo/apps/kajovo-hotel-admin/tests/e2e-smoke.spec.ts:87:43

    Error Context: test-results/e2e-smoke-CI-smoke-auth-fl-54ea2-og-az-do-potvrzeni-odeslani/error-context.md

    attachment #2: trace (application/zip) ─────────────────────────────────────────────────────────
    test-results/e2e-smoke-CI-smoke-auth-fl-54ea2-og-az-do-potvrzeni-odeslani/trace.zip
    Usage:

        pnpm exec playwright show-trace test-results/e2e-smoke-CI-smoke-auth-fl-54ea2-og-az-do-potvrzeni-odeslani/trace.zip

    ────────────────────────────────────────────────────────────────────────────────────────────────

  1 failed
    tests/e2e-smoke.spec.ts:85:7 › CI smoke auth flows › admin login hint zobrazi blokujici dialog az do potvrzeni odeslani 
  2 passed (1.6m)
 ELIFECYCLE  Command failed with exit code 1.
