$ corepack enable
$ corepack prepare pnpm@9.12.0 --activate
Preparing pnpm@9.12.0 for immediate activation...
Internal Error: Error when performing the request to https://registry.npmjs.org/pnpm/-/pnpm-9.12.0.tgz; for troubleshooting help, see https://github.com/nodejs/corepack#troubleshooting
    at fetch (/opt/nvm/versions/node/v22.16.0/lib/node_modules/corepack/dist/lib/corepack.cjs:22051:11)
    at process.processTicksAndRejections (node:internal/process/task_queues:105:5)
    at async fetchUrlStream (/opt/nvm/versions/node/v22.16.0/lib/node_modules/corepack/dist/lib/corepack.cjs:22081:20)
    at async download (/opt/nvm/versions/node/v22.16.0/lib/node_modules/corepack/dist/lib/corepack.cjs:22204:18)
    at async installVersion (/opt/nvm/versions/node/v22.16.0/lib/node_modules/corepack/dist/lib/corepack.cjs:22296:55)
    at async Engine.ensurePackageManager (/opt/nvm/versions/node/v22.16.0/lib/node_modules/corepack/dist/lib/corepack.cjs:22847:32)
    at async PrepareCommand.execute (/opt/nvm/versions/node/v22.16.0/lib/node_modules/corepack/dist/lib/corepack.cjs:23567:27)
    at async PrepareCommand.validateAndExecute (/opt/nvm/versions/node/v22.16.0/lib/node_modules/corepack/dist/lib/corepack.cjs:20258:22)
    at async _Cli.run (/opt/nvm/versions/node/v22.16.0/lib/node_modules/corepack/dist/lib/corepack.cjs:21195:18)
    at async Object.runMain (/opt/nvm/versions/node/v22.16.0/lib/node_modules/corepack/dist/lib/corepack.cjs:23642:19)
$ pnpm --version
/opt/nvm/versions/node/v22.16.0/lib/node_modules/corepack/dist/lib/corepack.cjs:22051
    throw new Error(
          ^

Error: Error when performing the request to https://registry.npmjs.org/pnpm/latest; for troubleshooting help, see https://github.com/nodejs/corepack#troubleshooting
    at fetch (/opt/nvm/versions/node/v22.16.0/lib/node_modules/corepack/dist/lib/corepack.cjs:22051:11)
    at process.processTicksAndRejections (node:internal/process/task_queues:105:5)
    at async fetchAsJson (/opt/nvm/versions/node/v22.16.0/lib/node_modules/corepack/dist/lib/corepack.cjs:22065:20)
    ... 5 lines matching cause stack trace ...
    at async Object.runMain (/opt/nvm/versions/node/v22.16.0/lib/node_modules/corepack/dist/lib/corepack.cjs:23648:7) {
  [cause]: TypeError: fetch failed
      at node:internal/deps/undici/undici:13510:13
      at process.processTicksAndRejections (node:internal/process/task_queues:105:5)
      at async fetch (/opt/nvm/versions/node/v22.16.0/lib/node_modules/corepack/dist/lib/corepack.cjs:22045:16)
      at async fetchAsJson (/opt/nvm/versions/node/v22.16.0/lib/node_modules/corepack/dist/lib/corepack.cjs:22065:20)
      at async fetchLatestStableVersion (/opt/nvm/versions/node/v22.16.0/lib/node_modules/corepack/dist/lib/corepack.cjs:21988:20)
      at async fetchLatestStableVersion2 (/opt/nvm/versions/node/v22.16.0/lib/node_modules/corepack/dist/lib/corepack.cjs:22114:14)
      at async Engine.getDefaultVersion (/opt/nvm/versions/node/v22.16.0/lib/node_modules/corepack/dist/lib/corepack.cjs:22829:23)
      at async Engine.findProjectSpec (/opt/nvm/versions/node/v22.16.0/lib/node_modules/corepack/dist/lib/corepack.cjs:22898:40)
      at async Engine.executePackageManagerRequest (/opt/nvm/versions/node/v22.16.0/lib/node_modules/corepack/dist/lib/corepack.cjs:22952:24)
      at async Object.runMain (/opt/nvm/versions/node/v22.16.0/lib/node_modules/corepack/dist/lib/corepack.cjs:23648:7) {
    [cause]: Error: getaddrinfo EAI_AGAIN registry.npmjs.org
        at GetAddrInfoReqWrap.onlookupall [as oncomplete] (node:dns:122:26) {
      errno: -3001,
      code: 'EAI_AGAIN',
      syscall: 'getaddrinfo',
      hostname: 'registry.npmjs.org'
    }
  }
}

Node.js v22.16.0
$ pnpm install --frozen-lockfile
/opt/nvm/versions/node/v22.16.0/lib/node_modules/corepack/dist/lib/corepack.cjs:22051
    throw new Error(
          ^

Error: Error when performing the request to https://registry.npmjs.org/pnpm/latest; for troubleshooting help, see https://github.com/nodejs/corepack#troubleshooting
    at fetch (/opt/nvm/versions/node/v22.16.0/lib/node_modules/corepack/dist/lib/corepack.cjs:22051:11)
    at process.processTicksAndRejections (node:internal/process/task_queues:105:5)
    at async fetchAsJson (/opt/nvm/versions/node/v22.16.0/lib/node_modules/corepack/dist/lib/corepack.cjs:22065:20)
    ... 5 lines matching cause stack trace ...
    at async Object.runMain (/opt/nvm/versions/node/v22.16.0/lib/node_modules/corepack/dist/lib/corepack.cjs:23648:7) {
  [cause]: TypeError: fetch failed
      at node:internal/deps/undici/undici:13510:13
      at process.processTicksAndRejections (node:internal/process/task_queues:105:5)
      at async fetch (/opt/nvm/versions/node/v22.16.0/lib/node_modules/corepack/dist/lib/corepack.cjs:22045:16)
      at async fetchAsJson (/opt/nvm/versions/node/v22.16.0/lib/node_modules/corepack/dist/lib/corepack.cjs:22065:20)
      at async fetchLatestStableVersion (/opt/nvm/versions/node/v22.16.0/lib/node_modules/corepack/dist/lib/corepack.cjs:21988:20)
      at async fetchLatestStableVersion2 (/opt/nvm/versions/node/v22.16.0/lib/node_modules/corepack/dist/lib/corepack.cjs:22114:14)
      at async Engine.getDefaultVersion (/opt/nvm/versions/node/v22.16.0/lib/node_modules/corepack/dist/lib/corepack.cjs:22829:23)
      at async Engine.findProjectSpec (/opt/nvm/versions/node/v22.16.0/lib/node_modules/corepack/dist/lib/corepack.cjs:22898:40)
      at async Engine.executePackageManagerRequest (/opt/nvm/versions/node/v22.16.0/lib/node_modules/corepack/dist/lib/corepack.cjs:22952:24)
      at async Object.runMain (/opt/nvm/versions/node/v22.16.0/lib/node_modules/corepack/dist/lib/corepack.cjs:23648:7) {
    [cause]: Error: getaddrinfo EAI_AGAIN registry.npmjs.org
        at GetAddrInfoReqWrap.onlookupall [as oncomplete] (node:dns:122:26) {
      errno: -3001,
      code: 'EAI_AGAIN',
      syscall: 'getaddrinfo',
      hostname: 'registry.npmjs.org'
    }
  }
}

Node.js v22.16.0
