
> @kajovo/kajovo-hotel-web@0.1.0 test:visual /Users/karelmartinek/Documents/GitHub/kajovo-hotel-monorepo/apps/kajovo-hotel-web
> node ../../scripts/run-playwright-with-api.js --app apps/kajovo-hotel-web tests/visual.spec.ts


Running 80 tests using 4 workers

  ✓   3 [audit-1440] › tests/visual.spec.ts:226:9 › KDGS vizuální a geometrická kontrola portálu › utility view login drží brand a geometrii (1.3s)
  ✓   1 [audit-768] › tests/visual.spec.ts:226:9 › KDGS vizuální a geometrická kontrola portálu › utility view login drží brand a geometrii (1.4s)
  ✓   4 [audit-430] › tests/visual.spec.ts:226:9 › KDGS vizuální a geometrická kontrola portálu › utility view login drží brand a geometrii (1.4s)
  ✓   2 [audit-1024] › tests/visual.spec.ts:226:9 › KDGS vizuální a geometrická kontrola portálu › utility view login drží brand a geometrii (1.4s)
  ✓   5 [audit-1440] › tests/visual.spec.ts:226:9 › KDGS vizuální a geometrická kontrola portálu › utility view intro drží brand a geometrii (858ms)
  ✓   8 [audit-1024] › tests/visual.spec.ts:226:9 › KDGS vizuální a geometrická kontrola portálu › utility view intro drží brand a geometrii (1.1s)
  ✓   6 [audit-768] › tests/visual.spec.ts:226:9 › KDGS vizuální a geometrická kontrola portálu › utility view intro drží brand a geometrii (1.2s)
  ✓   7 [audit-430] › tests/visual.spec.ts:226:9 › KDGS vizuální a geometrická kontrola portálu › utility view intro drží brand a geometrii (1.2s)
  ✓   9 [audit-1440] › tests/visual.spec.ts:226:9 › KDGS vizuální a geometrická kontrola portálu › utility view offline drží brand a geometrii (811ms)
  ✓  12 [audit-430] › tests/visual.spec.ts:226:9 › KDGS vizuální a geometrická kontrola portálu › utility view offline drží brand a geometrii (859ms)
  ✓  11 [audit-768] › tests/visual.spec.ts:226:9 › KDGS vizuální a geometrická kontrola portálu › utility view offline drží brand a geometrii (876ms)
  ✓  10 [audit-1024] › tests/visual.spec.ts:226:9 › KDGS vizuální a geometrická kontrola portálu › utility view offline drží brand a geometrii (941ms)
  ✓  13 [audit-1440] › tests/visual.spec.ts:226:9 › KDGS vizuální a geometrická kontrola portálu › utility view maintenance drží brand a geometrii (871ms)
  ✓  15 [audit-768] › tests/visual.spec.ts:226:9 › KDGS vizuální a geometrická kontrola portálu › utility view maintenance drží brand a geometrii (986ms)
  ✓  16 [audit-1024] › tests/visual.spec.ts:226:9 › KDGS vizuální a geometrická kontrola portálu › utility view maintenance drží brand a geometrii (1.1s)
  ✓  14 [audit-430] › tests/visual.spec.ts:226:9 › KDGS vizuální a geometrická kontrola portálu › utility view maintenance drží brand a geometrii (1.3s)
  ✓  17 [audit-1440] › tests/visual.spec.ts:226:9 › KDGS vizuální a geometrická kontrola portálu › utility view 404 drží brand a geometrii (1.3s)
  ✓  18 [audit-768] › tests/visual.spec.ts:226:9 › KDGS vizuální a geometrická kontrola portálu › utility view 404 drží brand a geometrii (1.1s)
  ✓  19 [audit-1024] › tests/visual.spec.ts:226:9 › KDGS vizuální a geometrická kontrola portálu › utility view 404 drží brand a geometrii (1.2s)
  ✓  20 [audit-430] › tests/visual.spec.ts:226:9 › KDGS vizuální a geometrická kontrola portálu › utility view 404 drží brand a geometrii (975ms)
  ✘  23 [audit-1024] › tests/visual.spec.ts:238:9 › KDGS role scénáře portálu › role recepce drží brand a geometrii na dostupných view (2.4s)
  -  25 [audit-1024] › tests/visual.spec.ts:238:9 › KDGS role scénáře portálu › role pokojská drží brand a geometrii na dostupných view
  -  26 [audit-1024] › tests/visual.spec.ts:238:9 › KDGS role scénáře portálu › role údržba drží brand a geometrii na dostupných view
  -  27 [audit-1024] › tests/visual.spec.ts:238:9 › KDGS role scénáře portálu › role snídaně drží brand a geometrii na dostupných view
  -  28 [audit-1024] › tests/visual.spec.ts:238:9 › KDGS role scénáře portálu › role sklad drží brand a geometrii na dostupných view
  ✓  21 [audit-1440] › tests/visual.spec.ts:238:9 › KDGS role scénáře portálu › role recepce drží brand a geometrii na dostupných view (7.3s)
  ✓  22 [audit-768] › tests/visual.spec.ts:238:9 › KDGS role scénáře portálu › role recepce drží brand a geometrii na dostupných view (6.9s)
  ✓  24 [audit-430] › tests/visual.spec.ts:238:9 › KDGS role scénáře portálu › role recepce drží brand a geometrii na dostupných view (7.3s)
  ✓  29 [audit-360] › tests/visual.spec.ts:226:9 › KDGS vizuální a geometrická kontrola portálu › utility view login drží brand a geometrii (732ms)
  ✓  33 [audit-360] › tests/visual.spec.ts:226:9 › KDGS vizuální a geometrická kontrola portálu › utility view intro drží brand a geometrii (862ms)
  ✓  34 [audit-360] › tests/visual.spec.ts:226:9 › KDGS vizuální a geometrická kontrola portálu › utility view offline drží brand a geometrii (720ms)
  ✓  31 [audit-768] › tests/visual.spec.ts:238:9 › KDGS role scénáře portálu › role pokojská drží brand a geometrii na dostupných view (2.8s)
  ✓  30 [audit-1440] › tests/visual.spec.ts:238:9 › KDGS role scénáře portálu › role pokojská drží brand a geometrii na dostupných view (3.2s)
  ✓  35 [audit-360] › tests/visual.spec.ts:226:9 › KDGS vizuální a geometrická kontrola portálu › utility view maintenance drží brand a geometrii (817ms)
  ✓  32 [audit-430] › tests/visual.spec.ts:238:9 › KDGS role scénáře portálu › role pokojská drží brand a geometrii na dostupných view (3.0s)
  ✓  38 [audit-360] › tests/visual.spec.ts:226:9 › KDGS vizuální a geometrická kontrola portálu › utility view 404 drží brand a geometrii (970ms)
  ✓  36 [audit-768] › tests/visual.spec.ts:238:9 › KDGS role scénáře portálu › role údržba drží brand a geometrii na dostupných view (4.8s)
  ✓  37 [audit-1440] › tests/visual.spec.ts:238:9 › KDGS role scénáře portálu › role údržba drží brand a geometrii na dostupných view (4.4s)
  ✓  39 [audit-430] › tests/visual.spec.ts:238:9 › KDGS role scénáře portálu › role údržba drží brand a geometrii na dostupných view (3.9s)
  ✓  42 [audit-1440] › tests/visual.spec.ts:238:9 › KDGS role scénáře portálu › role snídaně drží brand a geometrii na dostupných view (3.3s)
  ✓  41 [audit-768] › tests/visual.spec.ts:238:9 › KDGS role scénáře portálu › role snídaně drží brand a geometrii na dostupných view (3.4s)
  ✓  43 [audit-430] › tests/visual.spec.ts:238:9 › KDGS role scénáře portálu › role snídaně drží brand a geometrii na dostupných view (3.5s)
  ✓  40 [audit-360] › tests/visual.spec.ts:238:9 › KDGS role scénáře portálu › role recepce drží brand a geometrii na dostupných view (6.8s)
  ✓  45 [audit-768] › tests/visual.spec.ts:238:9 › KDGS role scénáře portálu › role sklad drží brand a geometrii na dostupných view (3.1s)
  ✓  46 [audit-430] › tests/visual.spec.ts:238:9 › KDGS role scénáře portálu › role sklad drží brand a geometrii na dostupných view (3.2s)
  ✓  44 [audit-1440] › tests/visual.spec.ts:238:9 › KDGS role scénáře portálu › role sklad drží brand a geometrii na dostupných view (3.6s)
  ✓  47 [audit-360] › tests/visual.spec.ts:238:9 › KDGS role scénáře portálu › role pokojská drží brand a geometrii na dostupných view (3.5s)
  ✓  49 [phone] › tests/visual.spec.ts:226:9 › KDGS vizuální a geometrická kontrola portálu › utility view login drží brand a geometrii (847ms)
  ✓  48 [audit-360] › tests/visual.spec.ts:238:9 › KDGS role scénáře portálu › role údržba drží brand a geometrii na dostupných view (3.3s)
  ✓  51 [phone] › tests/visual.spec.ts:226:9 › KDGS vizuální a geometrická kontrola portálu › utility view intro drží brand a geometrii (864ms)
  ✓  53 [phone] › tests/visual.spec.ts:226:9 › KDGS vizuální a geometrická kontrola portálu › utility view offline drží brand a geometrii (805ms)
  ✓  50 [desktop] › tests/visual.spec.ts:226:9 › KDGS vizuální a geometrická kontrola portálu › utility view login drží brand a geometrii (824ms)
  ✓  54 [phone] › tests/visual.spec.ts:226:9 › KDGS vizuální a geometrická kontrola portálu › utility view maintenance drží brand a geometrii (947ms)
  ✓  55 [desktop] › tests/visual.spec.ts:226:9 › KDGS vizuální a geometrická kontrola portálu › utility view intro drží brand a geometrii (744ms)
  ✓  52 [audit-360] › tests/visual.spec.ts:238:9 › KDGS role scénáře portálu › role snídaně drží brand a geometrii na dostupných view (3.1s)
  ✓  56 [phone] › tests/visual.spec.ts:226:9 › KDGS vizuální a geometrická kontrola portálu › utility view 404 drží brand a geometrii (755ms)
  ✓  57 [desktop] › tests/visual.spec.ts:226:9 › KDGS vizuální a geometrická kontrola portálu › utility view offline drží brand a geometrii (930ms)
  ✓  60 [desktop] › tests/visual.spec.ts:226:9 › KDGS vizuální a geometrická kontrola portálu › utility view maintenance drží brand a geometrii (807ms)
  ✓  61 [desktop] › tests/visual.spec.ts:226:9 › KDGS vizuální a geometrická kontrola portálu › utility view 404 drží brand a geometrii (866ms)
  ✓  58 [audit-360] › tests/visual.spec.ts:238:9 › KDGS role scénáře portálu › role sklad drží brand a geometrii na dostupných view (2.9s)
  ✓  63 [tablet] › tests/visual.spec.ts:226:9 › KDGS vizuální a geometrická kontrola portálu › utility view login drží brand a geometrii (941ms)
  ✓  64 [tablet] › tests/visual.spec.ts:226:9 › KDGS vizuální a geometrická kontrola portálu › utility view intro drží brand a geometrii (882ms)
  ✓  59 [phone] › tests/visual.spec.ts:238:9 › KDGS role scénáře portálu › role recepce drží brand a geometrii na dostupných view (6.2s)
  ✓  65 [tablet] › tests/visual.spec.ts:226:9 › KDGS vizuální a geometrická kontrola portálu › utility view offline drží brand a geometrii (915ms)
  ✓  67 [tablet] › tests/visual.spec.ts:226:9 › KDGS vizuální a geometrická kontrola portálu › utility view maintenance drží brand a geometrii (793ms)
  ✓  62 [desktop] › tests/visual.spec.ts:238:9 › KDGS role scénáře portálu › role recepce drží brand a geometrii na dostupných view (6.2s)
  ✓  68 [tablet] › tests/visual.spec.ts:226:9 › KDGS vizuální a geometrická kontrola portálu › utility view 404 drží brand a geometrii (866ms)
  ✓  66 [phone] › tests/visual.spec.ts:238:9 › KDGS role scénáře portálu › role pokojská drží brand a geometrii na dostupných view (3.3s)
