
> @kajovo/kajovo-hotel-web@0.1.0 test:smoke /Users/karelmartinek/Documents/GitHub/kajovo-hotel-monorepo/apps/kajovo-hotel-web
> node ../../scripts/run-playwright-with-api.js --app apps/kajovo-hotel-web tests/live-smoke.spec.ts


Running 88 tests using 4 workers

  ✓   2 [audit-430] › tests/live-smoke.spec.ts:166:5 › recepce vidi po nahrani PDF nahled importu snidani (1.8s)
  ✓   4 [audit-1440] › tests/live-smoke.spec.ts:166:5 › recepce vidi po nahrani PDF nahled importu snidani (1.7s)
  ✓   3 [audit-1024] › tests/live-smoke.spec.ts:166:5 › recepce vidi po nahrani PDF nahled importu snidani (2.5s)
  ✓   1 [audit-768] › tests/live-smoke.spec.ts:166:5 › recepce vidi po nahrani PDF nahled importu snidani (3.0s)
  ✓   5 [audit-430] › tests/live-smoke.spec.ts:209:5 › snidane umi spustit rucni aktualizaci s modalem a reloadem (3.5s)
  ✓   6 [audit-1440] › tests/live-smoke.spec.ts:209:5 › snidane umi spustit rucni aktualizaci s modalem a reloadem (3.5s)
  ✓   7 [audit-1024] › tests/live-smoke.spec.ts:209:5 › snidane umi spustit rucni aktualizaci s modalem a reloadem (3.2s)
  ✓   9 [audit-430] › tests/live-smoke.spec.ts:401:5 › portal bez session skonci na loginu (776ms)
  ✓   8 [audit-768] › tests/live-smoke.spec.ts:209:5 › snidane umi spustit rucni aktualizaci s modalem a reloadem (3.4s)
  ✓  10 [audit-1440] › tests/live-smoke.spec.ts:401:5 › portal bez session skonci na loginu (734ms)
  ✓  11 [audit-1024] › tests/live-smoke.spec.ts:401:5 › portal bez session skonci na loginu (721ms)
  ✓  13 [audit-768] › tests/live-smoke.spec.ts:401:5 › portal bez session skonci na loginu (684ms)
  ✓  12 [audit-430] › tests/live-smoke.spec.ts:409:5 › portal auth endpoint funguje nad realnym API a web admin surface zustava retired (1.0s)
  ✓  14 [audit-1440] › tests/live-smoke.spec.ts:409:5 › portal auth endpoint funguje nad realnym API a web admin surface zustava retired (949ms)
  ✓  15 [audit-1024] › tests/live-smoke.spec.ts:409:5 › portal auth endpoint funguje nad realnym API a web admin surface zustava retired (929ms)
  ✓  16 [audit-768] › tests/live-smoke.spec.ts:409:5 › portal auth endpoint funguje nad realnym API a web admin surface zustava retired (987ms)
  ✓  17 [audit-430] › tests/live-smoke.spec.ts:445:5 › multirolni portal uzivatel vidi po vyberu role prepinac ostatnich roli v zahlavi (1.3s)
  ✓  18 [audit-1440] › tests/live-smoke.spec.ts:445:5 › multirolni portal uzivatel vidi po vyberu role prepinac ostatnich roli v zahlavi (1.2s)
  ✓  19 [audit-1024] › tests/live-smoke.spec.ts:445:5 › multirolni portal uzivatel vidi po vyberu role prepinac ostatnich roli v zahlavi (1.2s)
  ✓  20 [audit-768] › tests/live-smoke.spec.ts:445:5 › multirolni portal uzivatel vidi po vyberu role prepinac ostatnich roli v zahlavi (1.4s)
  ✓  21 [audit-430] › tests/live-smoke.spec.ts:485:5 › portal uzivatel s rolemi pokojska a snidane se umi z pokojske prepnout na snidane (1.8s)
  ✓  22 [audit-1440] › tests/live-smoke.spec.ts:485:5 › portal uzivatel s rolemi pokojska a snidane se umi z pokojske prepnout na snidane (2.3s)
  ✓  23 [audit-1024] › tests/live-smoke.spec.ts:485:5 › portal uzivatel s rolemi pokojska a snidane se umi z pokojske prepnout na snidane (2.3s)
  ✓  24 [audit-768] › tests/live-smoke.spec.ts:485:5 › portal uzivatel s rolemi pokojska a snidane se umi z pokojske prepnout na snidane (2.1s)
  ✓  25 [audit-430] › tests/live-smoke.spec.ts:523:7 › RBAC matice pro roli recepce zobrazi jen povolene moduly a odmitne zakazane route (4.7s)
  ✓  28 [audit-768] › tests/live-smoke.spec.ts:523:7 › RBAC matice pro roli recepce zobrazi jen povolene moduly a odmitne zakazane route (4.4s)
  ✓  26 [audit-1440] › tests/live-smoke.spec.ts:523:7 › RBAC matice pro roli recepce zobrazi jen povolene moduly a odmitne zakazane route (4.8s)
  ✓  27 [audit-1024] › tests/live-smoke.spec.ts:523:7 › RBAC matice pro roli recepce zobrazi jen povolene moduly a odmitne zakazane route (4.8s)
  ✓  29 [audit-430] › tests/live-smoke.spec.ts:523:7 › RBAC matice pro roli pokojská zobrazi jen povolene moduly a odmitne zakazane route (2.9s)
  ✓  30 [audit-768] › tests/live-smoke.spec.ts:523:7 › RBAC matice pro roli pokojská zobrazi jen povolene moduly a odmitne zakazane route (2.7s)
  ✓  31 [audit-1440] › tests/live-smoke.spec.ts:523:7 › RBAC matice pro roli pokojská zobrazi jen povolene moduly a odmitne zakazane route (3.0s)
  ✓  32 [audit-1024] › tests/live-smoke.spec.ts:523:7 › RBAC matice pro roli pokojská zobrazi jen povolene moduly a odmitne zakazane route (3.6s)
  ✓  33 [audit-430] › tests/live-smoke.spec.ts:523:7 › RBAC matice pro roli údržba zobrazi jen povolene moduly a odmitne zakazane route (3.0s)
  ✓  34 [audit-768] › tests/live-smoke.spec.ts:523:7 › RBAC matice pro roli údržba zobrazi jen povolene moduly a odmitne zakazane route (3.2s)
  ✓  35 [audit-1440] › tests/live-smoke.spec.ts:523:7 › RBAC matice pro roli údržba zobrazi jen povolene moduly a odmitne zakazane route (3.1s)
  ✓  36 [audit-1024] › tests/live-smoke.spec.ts:523:7 › RBAC matice pro roli údržba zobrazi jen povolene moduly a odmitne zakazane route (2.8s)
  ✓  37 [audit-430] › tests/live-smoke.spec.ts:523:7 › RBAC matice pro roli snídaně zobrazi jen povolene moduly a odmitne zakazane route (3.0s)
  ✓  38 [audit-768] › tests/live-smoke.spec.ts:523:7 › RBAC matice pro roli snídaně zobrazi jen povolene moduly a odmitne zakazane route (3.1s)
  ✓  39 [audit-1440] › tests/live-smoke.spec.ts:523:7 › RBAC matice pro roli snídaně zobrazi jen povolene moduly a odmitne zakazane route (3.1s)
  ✓  40 [audit-1024] › tests/live-smoke.spec.ts:523:7 › RBAC matice pro roli snídaně zobrazi jen povolene moduly a odmitne zakazane route (2.9s)
  ✓  41 [audit-430] › tests/live-smoke.spec.ts:523:7 › RBAC matice pro roli sklad zobrazi jen povolene moduly a odmitne zakazane route (3.3s)
  ✓  42 [audit-768] › tests/live-smoke.spec.ts:523:7 › RBAC matice pro roli sklad zobrazi jen povolene moduly a odmitne zakazane route (2.9s)
  ✓  44 [audit-1024] › tests/live-smoke.spec.ts:523:7 › RBAC matice pro roli sklad zobrazi jen povolene moduly a odmitne zakazane route (2.9s)
  ✓  43 [audit-1440] › tests/live-smoke.spec.ts:523:7 › RBAC matice pro roli sklad zobrazi jen povolene moduly a odmitne zakazane route (3.2s)
  ✓  45 [audit-360] › tests/live-smoke.spec.ts:166:5 › recepce vidi po nahrani PDF nahled importu snidani (1.3s)
  ✓  46 [phone] › tests/live-smoke.spec.ts:166:5 › recepce vidi po nahrani PDF nahled importu snidani (1.4s)
  ✓  47 [tablet] › tests/live-smoke.spec.ts:166:5 › recepce vidi po nahrani PDF nahled importu snidani (1.4s)
  ✓  48 [desktop] › tests/live-smoke.spec.ts:166:5 › recepce vidi po nahrani PDF nahled importu snidani (1.5s)
  ✓  49 [audit-360] › tests/live-smoke.spec.ts:209:5 › snidane umi spustit rucni aktualizaci s modalem a reloadem (3.4s)
  ✓  50 [phone] › tests/live-smoke.spec.ts:209:5 › snidane umi spustit rucni aktualizaci s modalem a reloadem (3.5s)
  ✓  53 [audit-360] › tests/live-smoke.spec.ts:401:5 › portal bez session skonci na loginu (633ms)
  ✓  51 [tablet] › tests/live-smoke.spec.ts:209:5 › snidane umi spustit rucni aktualizaci s modalem a reloadem (3.4s)
  ✓  52 [desktop] › tests/live-smoke.spec.ts:209:5 › snidane umi spustit rucni aktualizaci s modalem a reloadem (3.1s)
  ✓  54 [phone] › tests/live-smoke.spec.ts:401:5 › portal bez session skonci na loginu (659ms)
  ✓  56 [tablet] › tests/live-smoke.spec.ts:401:5 › portal bez session skonci na loginu (654ms)
  ✓  55 [audit-360] › tests/live-smoke.spec.ts:409:5 › portal auth endpoint funguje nad realnym API a web admin surface zustava retired (953ms)
  ✓  57 [desktop] › tests/live-smoke.spec.ts:401:5 › portal bez session skonci na loginu (643ms)
  ✓  58 [phone] › tests/live-smoke.spec.ts:409:5 › portal auth endpoint funguje nad realnym API a web admin surface zustava retired (904ms)
  ✓  59 [tablet] › tests/live-smoke.spec.ts:409:5 › portal auth endpoint funguje nad realnym API a web admin surface zustava retired (984ms)
  ✓  60 [audit-360] › tests/live-smoke.spec.ts:445:5 › multirolni portal uzivatel vidi po vyberu role prepinac ostatnich roli v zahlavi (1.3s)
  ✓  61 [desktop] › tests/live-smoke.spec.ts:409:5 › portal auth endpoint funguje nad realnym API a web admin surface zustava retired (1.1s)
  ✓  63 [tablet] › tests/live-smoke.spec.ts:445:5 › multirolni portal uzivatel vidi po vyberu role prepinac ostatnich roli v zahlavi (1.4s)
  ✓  62 [phone] › tests/live-smoke.spec.ts:445:5 › multirolni portal uzivatel vidi po vyberu role prepinac ostatnich roli v zahlavi (1.8s)
  ✓  64 [audit-360] › tests/live-smoke.spec.ts:485:5 › portal uzivatel s rolemi pokojska a snidane se umi z pokojske prepnout na snidane (1.3s)
  ✓  65 [desktop] › tests/live-smoke.spec.ts:445:5 › multirolni portal uzivatel vidi po vyberu role prepinac ostatnich roli v zahlavi (1.6s)
  ✓  67 [phone] › tests/live-smoke.spec.ts:485:5 › portal uzivatel s rolemi pokojska a snidane se umi z pokojske prepnout na snidane (1.6s)
  ✓  66 [tablet] › tests/live-smoke.spec.ts:485:5 › portal uzivatel s rolemi pokojska a snidane se umi z pokojske prepnout na snidane (1.7s)
  ✓  69 [desktop] › tests/live-smoke.spec.ts:485:5 › portal uzivatel s rolemi pokojska a snidane se umi z pokojske prepnout na snidane (2.0s)
